Traceback (most recent call last):
  File "/home/user/pdf-to-markdown-benchmark/PDF-to-Markdown-Open-Source/02_Tools/marker/.venv_marker/bin/marker_single", line 10, in <module>
    sys.exit(convert_single_cli())
             ^^^^^^^^^^^^^^^^^^^^
  File "/home/user/pdf-to-markdown-benchmark/PDF-to-Markdown-Open-Source/02_Tools/marker/.venv_marker/lib/python3.11/site-packages/click/core.py", line 1631, in __call__
    return self.main(*args, **kwargs)
           ^^^^^^^^^^^^^^^^^^^^^^^^^^
  File "/home/user/pdf-to-markdown-benchmark/PDF-to-Markdown-Open-Source/02_Tools/marker/.venv_marker/lib/python3.11/site-packages/click/core.py", line 1552, in main
    rv = self.invoke(ctx)
         ^^^^^^^^^^^^^^^^
  File "/home/user/pdf-to-markdown-benchmark/PDF-to-Markdown-Open-Source/02_Tools/marker/.venv_marker/lib/python3.11/site-packages/click/core.py", line 1415, in invoke
    return ctx.invoke(self.callback, **ctx.params)
           ^^^^^^^^^^^^^^^^^^^^^^^^^^^^^^^^^^^^^^^
  File "/home/user/pdf-to-markdown-benchmark/PDF-to-Markdown-Open-Source/02_Tools/marker/.venv_marker/lib/python3.11/site-packages/click/core.py", line 910, in invoke
    return callback(*args, **kwargs)
           ^^^^^^^^^^^^^^^^^^^^^^^^^
  File "/home/user/pdf-to-markdown-benchmark/PDF-to-Markdown-Open-Source/02_Tools/marker/.venv_marker/lib/python3.11/site-packages/marker/scripts/convert_single.py", line 38, in convert_single_cli
    rendered = converter(fpath)
               ^^^^^^^^^^^^^^^^
  File "/home/user/pdf-to-markdown-benchmark/PDF-to-Markdown-Open-Source/02_Tools/marker/.venv_marker/lib/python3.11/site-packages/marker/converters/pdf.py", line 213, in __call__
    document = self.build_document(temp_path)
               ^^^^^^^^^^^^^^^^^^^^^^^^^^^^^^
  File "/home/user/pdf-to-markdown-benchmark/PDF-to-Markdown-Open-Source/02_Tools/marker/.venv_marker/lib/python3.11/site-packages/marker/converters/pdf.py", line 200, in build_document
    document = DocumentBuilder(self.config)(
               ^^^^^^^^^^^^^^^^^^^^^^^^^^^^^
  File "/home/user/pdf-to-markdown-benchmark/PDF-to-Markdown-Open-Source/02_Tools/marker/.venv_marker/lib/python3.11/site-packages/marker/builders/document.py", line 56, in __call__
    layout_builder(document, provider)
  File "/home/user/pdf-to-markdown-benchmark/PDF-to-Markdown-Open-Source/02_Tools/marker/.venv_marker/lib/python3.11/site-packages/marker/builders/layout.py", line 108, in __call__
    layout_results = self.surya_layout(document.pages, provider)
                     ^^^^^^^^^^^^^^^^^^^^^^^^^^^^^^^^^^^^^^^^^^^
  File "/home/user/pdf-to-markdown-benchmark/PDF-to-Markdown-Open-Source/02_Tools/marker/.venv_marker/lib/python3.11/site-packages/marker/builders/layout.py", line 158, in surya_layout
    raster, model([images[i] for i in raster], use_order=False)
            ^^^^^^^^^^^^^^^^^^^^^^^^^^^^^^^^^^^^^^^^^^^^^^^^^^^
  File "/home/user/pdf-to-markdown-benchmark/PDF-to-Markdown-Open-Source/02_Tools/marker/.venv_marker/lib/python3.11/site-packages/surya/fast_layout/__init__.py", line 175, in __call__
    return self._client(images, threshold=threshold, use_order=use_order)
           ^^^^^^^^^^^^^^^^^^^^^^^^^^^^^^^^^^^^^^^^^^^^^^^^^^^^^^^^^^^^^^
  File "/home/user/pdf-to-markdown-benchmark/PDF-to-Markdown-Open-Source/02_Tools/marker/.venv_marker/lib/python3.11/site-packages/surya/fast_layout/client.py", line 46, in __call__
    return self._client.infer(
           ^^^^^^^^^^^^^^^^^^^
  File "/home/user/pdf-to-markdown-benchmark/PDF-to-Markdown-Open-Source/02_Tools/marker/.venv_marker/lib/python3.11/site-packages/surya/common/batch_service/client.py", line 131, in infer
    self._ensure_started()
  File "/home/user/pdf-to-markdown-benchmark/PDF-to-Markdown-Open-Source/02_Tools/marker/.venv_marker/lib/python3.11/site-packages/surya/common/batch_service/client.py", line 81, in _ensure_started
    spawned = attach_or_spawn(
              ^^^^^^^^^^^^^^^^
  File "/home/user/pdf-to-markdown-benchmark/PDF-to-Markdown-Open-Source/02_Tools/marker/.venv_marker/lib/python3.11/site-packages/surya/inference/backends/spawn.py", line 276, in attach_or_spawn
    with lock:
  File "/home/user/pdf-to-markdown-benchmark/PDF-to-Markdown-Open-Source/02_Tools/marker/.venv_marker/lib/python3.11/site-packages/filelock/_api.py", line 951, in __enter__
    self.acquire()
  File "/home/user/pdf-to-markdown-benchmark/PDF-to-Markdown-Open-Source/02_Tools/marker/.venv_marker/lib/python3.11/site-packages/filelock/_api.py", line 1059, in acquire
    self._poll_until_acquired(
  File "/home/user/pdf-to-markdown-benchmark/PDF-to-Markdown-Open-Source/02_Tools/marker/.venv_marker/lib/python3.11/site-packages/filelock/_api.py", line 1231, in _poll_until_acquired
    raise Timeout(lock_filename)
filelock._error.Timeout: The file lock '/root/.cache/datalab/surya/fast_layout_server.lock' could not be acquired.
MARKER_EXIT_CODE:1
