TC32 (S32) — PyMuPDF4LLM × "Recognised as one table, not two — the second half keeping its headers"
Same real run already executed for TC115 (identical S32 fixture, user-supplied
sampling_visits_winter_2026.pdf, sha256 17f7972834b1eb0e4bf5ce81b9d9f5e8b21fce710084efc9a01d92ef15469a41) —
re-graded here against TC32's own criterion, no new execution needed.

$ sha256sum input/sampling_visits_winter_2026.pdf
17f7972834b1eb0e4bf5ce81b9d9f5e8b21fce710084efc9a01d92ef15469a41  input/sampling_visits_winter_2026.pdf

$ .venv_pymupdf4llm/bin/python scripts/run_pymupdf4llm.py input/sampling_visits_winter_2026.pdf output/sampling_visits_winter_2026
[pymupdf4llm] OK sampling_visits_winter_2026.pdf: 1.23s, 4085 chars -> output/sampling_visits_winter_2026/markdown_output/sampling_visits_winter_2026.md

pymupdf4llm version: 1.28.2
pymupdf (fitz) version: 1.28.2
config: pymupdf4llm.to_markdown(input_pdf) -- default, no extra options

TC32 asks specifically: is the table recognised as ONE table (not two), or —
if split — does the second half keep its real headers?

Raw output at the page break:

    |V-14|Training Wall east|2026-02-05|07:45|Suspended solids, chloride, nitrogen|J. Marren|

    Page 2 of 2

    Braithe Estuary Partnership  ·  Water quality programme

    |V-15|Lissamer Point|2026-02-05|08:35|Suspended solids, chloride, nitrogen|J. Marren|
    |---|---|---|---|---|---|
    |V-16|Kellow Creek head|2026-02-06|11:20|Suspended solids, chloride, orthophosphate|R. Ashby|

This is NOT one table — it is split into two separate markdown tables
(with running-header/page-number furniture text sitting between them,
outside either table's body). The second table's header row is V-15's own
data, not the real six columns (Visit/Station/Date/Time/Determinations
taken/Sampler). Both halves of TC32's acceptance criterion fail, identically
to LiteParse's independent implementation.

Verdict: FAIL
