TC32 (S32) — PyMuPDF4LLM x "Cross-page table — one table, complete"

CORRECTION: an earlier local log under this same TC32 directory
(TC32_sampling_visits_winter_2026_20261001.log, now removed) incorrectly re-graded
TC32 against the TC115 run. That was wrong -- the ClickUp reviewer thread for
TC115 (task 86bbxamq7, 2026-10-01T01:25:33Z) states explicitly: "this case does
not share TC32's file: it is bound to sampling_visits_winter_2026.pdf" -- meaning
TC115 and TC32 use two DIFFERENT fixtures. TC32's real, reviewer-confirmed fixture
is monitoring_station_schedule_2026.pdf (84,817 bytes per the reviewer's own
fetch), not sampling_visits_winter_2026.pdf. That removed log was evidence for
the wrong file and has been discarded rather than submitted.

Both known hosts for this fixture are independently confirmed blocked from this
sandbox, checked fresh just now:

$ curl -sS -o /dev/null -w "HTTP %{http_code}\n" --max-time 15 \
    "https://t9014651757.p.clickup-attachments.com/t9014651757/771ea173-552c-4453-b2a4-00333ebce62c/monitoring_station_schedule_2026.pdf"
curl: (56) CONNECT tunnel failed, response 403
HTTP 000

$ curl -sS -o /dev/null -w "HTTP %{http_code}\n" --max-time 15 \
    "https://d3epheqghktydj.cloudfront.net/research-artifacts/<fixture-hash>.pdf"
curl: (56) CONNECT tunnel failed, response 403
HTTP 000

Agent-proxy status endpoint, same session, confirms both as policy-level
connect_rejected (not transient):
  { "ts": "2026-10-01T05:16:02.745Z", "kind": "connect_rejected",
    "host": "d3epheqghktydj.cloudfront.net:443" }
  { "ts": "2026-10-01T05:17:14.213Z", "kind": "connect_rejected",
    "host": "t9014651757.p.clickup-attachments.com:443" }

Matches this round's own prior retrieval attempt -- see
screenshots/terminal_captures/TC32_monitoring_station_schedule_2026_retrieval_capture.txt
(same 403 connect_rejected on the ClickUp attachment CDN). The reviewer's own
alternate CloudFront registry route (which worked for TC35/TC36/TC37 with
different files, and which the reviewer specifically asked this task to use —
"run PyMuPDF4LLM's default pipeline" per the 2026-09-28 thread) is also
independently confirmed blocked from this sandbox by organization network
policy, not a fixture problem.

No PyMuPDF4LLM execution was possible: the input file was never obtained.

Verdict: CAN NOT BE GRADED
