TC32 (S32) — doc2mark × "Recognised as one table, not two — the second half keeping its headers"
Same real run already executed for TC115 (identical S32 fixture, user-supplied
sampling_visits_winter_2026.pdf, sha256 17f7972834b1eb0e4bf5ce81b9d9f5e8b21fce710084efc9a01d92ef15469a41) —
re-graded here against TC32's own criterion, no new execution needed.

$ sha256sum input/sampling_visits_winter_2026.pdf
17f7972834b1eb0e4bf5ce81b9d9f5e8b21fce710084efc9a01d92ef15469a41  input/sampling_visits_winter_2026.pdf

$ .venv_doc2mark/bin/python scripts/run_doc2mark.py input/sampling_visits_winter_2026.pdf output/sampling_visits_winter_2026
Consider using the pymupdf_layout package for a greatly improved page layout analysis.
[doc2mark] OK sampling_visits_winter_2026.pdf: 0.75s, 3979 chars, 0 image(s) saved

doc2mark version: 0.6.1
config: UnifiedDocumentLoader(ocr_provider=None), load(extract_images=False, ocr_images=False), everything else default
raw_output tables_detected: 0

TC32 asks specifically: is the table recognised as ONE table (not two), or —
if split — does the second half keep its real headers?

doc2mark recognises no table structure at all (tables_detected: 0 in its own
raw output record). Every cell lands on its own line with no `|` delimiters
and no header/body distinction whatsoever:

    Visit
    Station
    Date
    Time
    Determinations taken
    Sampler

    V-01
    Vardenne Quay
    ...

There is no "one table" here to recognise, and consequently no "second
half" that could carry (or fail to carry) real headers — the entire
tabular structure is absent, which is a more basic failure than TC115's
page-break-specific defect.

Verdict: FAIL
