[32m[INFO] 2026-09-03 09:26:18,984 [RapidOCR] base.py:23: Using engine_name: torch[0m
[32m[INFO] 2026-09-03 09:26:18,986 [RapidOCR] device_config.py:57: Using CPU device[0m
[32m[INFO] 2026-09-03 09:26:18,986 [RapidOCR] download_file.py:68: Initiating download: https://www.modelscope.cn/models/RapidAI/RapidOCR/resolve/v3.9.2/torch/PP-OCRv6/det/PP-OCRv6_det_small.pth[0m
[31m[ERROR] 2026-09-03 09:26:19,247 [RapidOCR] download_file.py:74: Download failed: https://www.modelscope.cn/models/RapidAI/RapidOCR/resolve/v3.9.2/torch/PP-OCRv6/det/PP-OCRv6_det_small.pth[0m
Traceback (most recent call last):
  File "/home/user/pdf-to-markdown-benchmark/.venv_docling/lib/python3.11/site-packages/urllib3/connectionpool.py", line 774, in urlopen
    self._prepare_proxy(conn)
  File "/home/user/pdf-to-markdown-benchmark/.venv_docling/lib/python3.11/site-packages/urllib3/connectionpool.py", line 1055, in _prepare_proxy
    conn.connect()
  File "/home/user/pdf-to-markdown-benchmark/.venv_docling/lib/python3.11/site-packages/urllib3/connection.py", line 776, in connect
    self._tunnel()
  File "/usr/lib/python3.11/http/client.py", line 963, in _tunnel
    raise OSError(f"Tunnel connection failed: {code} {message.strip()}")
OSError: Tunnel connection failed: 403 Forbidden

The above exception was the direct cause of the following exception:

urllib3.exceptions.ProxyError: ('Unable to connect to proxy', OSError('Tunnel connection failed: 403 Forbidden'))

The above exception was the direct cause of the following exception:

Traceback (most recent call last):
  File "/home/user/pdf-to-markdown-benchmark/.venv_docling/lib/python3.11/site-packages/requests/adapters.py", line 696, in send
    resp = conn.urlopen(
           ^^^^^^^^^^^^^
  File "/home/user/pdf-to-markdown-benchmark/.venv_docling/lib/python3.11/site-packages/urllib3/connectionpool.py", line 842, in urlopen
    retries = retries.increment(
              ^^^^^^^^^^^^^^^^^^
  File "/home/user/pdf-to-markdown-benchmark/.venv_docling/lib/python3.11/site-packages/urllib3/util/retry.py", line 543, in increment
    raise MaxRetryError(_pool, url, reason) from reason  # type: ignore[arg-type]
    ^^^^^^^^^^^^^^^^^^^^^^^^^^^^^^^^^^^^^^^^^^^^^^^^^^^
urllib3.exceptions.MaxRetryError: HTTPSConnectionPool(host='www.modelscope.cn', port=443): Max retries exceeded with url: /models/RapidAI/RapidOCR/resolve/v3.9.2/torch/PP-OCRv6/det/PP-OCRv6_det_small.pth (Caused by ProxyError('Unable to connect to proxy', OSError('Tunnel connection failed: 403 Forbidden')))

During handling of the above exception, another exception occurred:

Traceback (most recent call last):
  File "/home/user/pdf-to-markdown-benchmark/.venv_docling/lib/python3.11/site-packages/rapidocr/utils/download_file.py", line 70, in _make_http_request
    response = requests.get(url, stream=True, timeout=cls.REQUEST_TIMEOUT)
               ^^^^^^^^^^^^^^^^^^^^^^^^^^^^^^^^^^^^^^^^^^^^^^^^^^^^^^^^^^^
  File "/home/user/pdf-to-markdown-benchmark/.venv_docling/lib/python3.11/site-packages/requests/api.py", line 87, in get
    return request("get", url, params=params, **kwargs)
           ^^^^^^^^^^^^^^^^^^^^^^^^^^^^^^^^^^^^^^^^^^^^
  File "/home/user/pdf-to-markdown-benchmark/.venv_docling/lib/python3.11/site-packages/requests/api.py", line 71, in request
    return session.request(method=method, url=url, **kwargs)
           ^^^^^^^^^^^^^^^^^^^^^^^^^^^^^^^^^^^^^^^^^^^^^^^^^
  File "/home/user/pdf-to-markdown-benchmark/.venv_docling/lib/python3.11/site-packages/requests/sessions.py", line 651, in request
    resp = self.send(prep, **send_kwargs)
           ^^^^^^^^^^^^^^^^^^^^^^^^^^^^^^
  File "/home/user/pdf-to-markdown-benchmark/.venv_docling/lib/python3.11/site-packages/requests/sessions.py", line 784, in send
    r = adapter.send(request, **kwargs)
        ^^^^^^^^^^^^^^^^^^^^^^^^^^^^^^^
  File "/home/user/pdf-to-markdown-benchmark/.venv_docling/lib/python3.11/site-packages/requests/adapters.py", line 723, in send
    raise ProxyError(e, request=request)
requests.exceptions.ProxyError: HTTPSConnectionPool(host='www.modelscope.cn', port=443): Max retries exceeded with url: /models/RapidAI/RapidOCR/resolve/v3.9.2/torch/PP-OCRv6/det/PP-OCRv6_det_small.pth (Caused by ProxyError('Unable to connect to proxy', OSError('Tunnel connection failed: 403 Forbidden')))

The above exception was the direct cause of the following exception:

Traceback (most recent call last):
  File "<string>", line 4, in <module>
  File "/home/user/pdf-to-markdown-benchmark/.venv_docling/lib/python3.11/site-packages/pydantic/_internal/_validate_call.py", line 40, in wrapper_function
    return wrapper(*args, **kwargs)
           ^^^^^^^^^^^^^^^^^^^^^^^^
  File "/home/user/pdf-to-markdown-benchmark/.venv_docling/lib/python3.11/site-packages/pydantic/_internal/_validate_call.py", line 137, in __call__
    res = self.__pydantic_validator__.validate_python(pydantic_core.ArgsKwargs(args, kwargs))
          ^^^^^^^^^^^^^^^^^^^^^^^^^^^^^^^^^^^^^^^^^^^^^^^^^^^^^^^^^^^^^^^^^^^^^^^^^^^^^^^^^^^
  File "/home/user/pdf-to-markdown-benchmark/.venv_docling/lib/python3.11/site-packages/docling/document_converter.py", line 512, in convert
    return next(all_res)
           ^^^^^^^^^^^^^
  File "/home/user/pdf-to-markdown-benchmark/.venv_docling/lib/python3.11/site-packages/docling/document_converter.py", line 574, in convert_all
    for conv_res in conv_res_iter:
  File "/home/user/pdf-to-markdown-benchmark/.venv_docling/lib/python3.11/site-packages/docling/document_converter.py", line 703, in _convert
    for item in map(
  File "/home/user/pdf-to-markdown-benchmark/.venv_docling/lib/python3.11/site-packages/docling/document_converter.py", line 750, in _process_document
    conv_res = self._execute_pipeline(in_doc, raises_on_error=raises_on_error)
               ^^^^^^^^^^^^^^^^^^^^^^^^^^^^^^^^^^^^^^^^^^^^^^^^^^^^^^^^^^^^^^^
  File "/home/user/pdf-to-markdown-benchmark/.venv_docling/lib/python3.11/site-packages/docling/document_converter.py", line 776, in _execute_pipeline
    pipeline = self._get_pipeline(in_doc.format)
               ^^^^^^^^^^^^^^^^^^^^^^^^^^^^^^^^^
  File "/home/user/pdf-to-markdown-benchmark/.venv_docling/lib/python3.11/site-packages/docling/document_converter.py", line 733, in _get_pipeline
    self.initialized_pipelines[cache_key] = pipeline_class(
                                            ^^^^^^^^^^^^^^^
  File "/home/user/pdf-to-markdown-benchmark/.venv_docling/lib/python3.11/site-packages/docling/pipeline/standard_pdf_pipeline.py", line 592, in __init__
    self._init_models()
  File "/home/user/pdf-to-markdown-benchmark/.venv_docling/lib/python3.11/site-packages/docling/pipeline/standard_pdf_pipeline.py", line 613, in _init_models
    self.ocr_model = self._make_ocr_model(art_path)
                     ^^^^^^^^^^^^^^^^^^^^^^^^^^^^^^
  File "/home/user/pdf-to-markdown-benchmark/.venv_docling/lib/python3.11/site-packages/docling/pipeline/standard_pdf_pipeline.py", line 689, in _make_ocr_model
    return factory.create_instance(
           ^^^^^^^^^^^^^^^^^^^^^^^^
  File "/home/user/pdf-to-markdown-benchmark/.venv_docling/lib/python3.11/site-packages/docling/models/factories/base_factory.py", line 60, in create_instance
    return _cls(options=options, **kwargs)
           ^^^^^^^^^^^^^^^^^^^^^^^^^^^^^^^
  File "/home/user/pdf-to-markdown-benchmark/.venv_docling/lib/python3.11/site-packages/docling/models/stages/ocr/auto_ocr_model.py", line 125, in __init__
    self._engine = RapidOcrModel(
                   ^^^^^^^^^^^^^^
  File "/home/user/pdf-to-markdown-benchmark/.venv_docling/lib/python3.11/site-packages/docling/models/stages/ocr/rapid_ocr_model.py", line 453, in __init__
    self.reader = RapidOCR(
                  ^^^^^^^^^
  File "/home/user/pdf-to-markdown-benchmark/.venv_docling/lib/python3.11/site-packages/rapidocr/main.py", line 46, in __init__
    self._initialize(cfg)
  File "/home/user/pdf-to-markdown-benchmark/.venv_docling/lib/python3.11/site-packages/rapidocr/main.py", line 71, in _initialize
    self.text_det = TextDetector(cfg.Det)
                    ^^^^^^^^^^^^^^^^^^^^^
  File "/home/user/pdf-to-markdown-benchmark/.venv_docling/lib/python3.11/site-packages/rapidocr/ch_ppocr_det/main.py", line 47, in __init__
    self.session = get_engine(cfg.engine_type)(cfg)
                   ^^^^^^^^^^^^^^^^^^^^^^^^^^^^^^^^
  File "/home/user/pdf-to-markdown-benchmark/.venv_docling/lib/python3.11/site-packages/rapidocr/inference_engine/pytorch/main.py", line 22, in __init__
    self.predictor = ModelLoader(cfg, self.device).predictor
                     ^^^^^^^^^^^^^^^^^^^^^^^^^^^^^
  File "/home/user/pdf-to-markdown-benchmark/.venv_docling/lib/python3.11/site-packages/rapidocr/inference_engine/pytorch/networks/main.py", line 20, in __init__
    model_path = self._init_model_path(cfg)
                 ^^^^^^^^^^^^^^^^^^^^^^^^^^
  File "/home/user/pdf-to-markdown-benchmark/.venv_docling/lib/python3.11/site-packages/rapidocr/inference_engine/pytorch/networks/main.py", line 41, in _init_model_path
    DownloadFile.run(
  File "/home/user/pdf-to-markdown-benchmark/.venv_docling/lib/python3.11/site-packages/rapidocr/utils/download_file.py", line 40, in run
    response = cls._make_http_request(input_params.file_url, logger)
               ^^^^^^^^^^^^^^^^^^^^^^^^^^^^^^^^^^^^^^^^^^^^^^^^^^^^^
  File "/home/user/pdf-to-markdown-benchmark/.venv_docling/lib/python3.11/site-packages/rapidocr/utils/download_file.py", line 75, in _make_http_request
    raise DownloadFileException(f"Failed to download {url}") from e
rapidocr.utils.download_file.DownloadFileException: Failed to download https://www.modelscope.cn/models/RapidAI/RapidOCR/resolve/v3.9.2/torch/PP-OCRv6/det/PP-OCRv6_det_small.pth
EXIT CODE: 1
